// Jest Snapshot v1, https://goo.gl/fbAQLP

exports[`Header navigation component render correctly 1`] = `
<div>
  <ul
    class="header__nav-list"
  >
    <li
      class="header__nav-item user"
    >
      <a
        class="header__nav-link header__nav-link--profile"
        href="/favorites"
      >
        <div
          class="header__avatar-wrapper user__avatar-wrapper"
          style="background-image: url(https://www.avatar.ru); border-radius: 50%;"
        />
        <span
          class="header__user-name user__name"
        >
          Fake login
        </span>
      </a>
    </li>
    <li
      class="header__nav-item"
    >
      <a
        class="header__nav-link header__nav-link--profile"
        href="/"
        style="margin-left: 10px;"
      >
        <span
          class="header__user-name user__name"
        >
          Выход
        </span>
      </a>
    </li>
  </ul>
</div>
`;
